// Jest Snapshot v1, https://goo.gl/fbAQLP

exports[`HeaderContainer should render 1`] = `
<div>
  <SubmitRecipeContainer
    handleModalClose={[Function]}
    recipes={Array []}
    show={false}
    updateRecipes={[MockFunction]}
  />
  <Header
    handleModalOpen={[Function]}
    isAuth={true}
    logout={[Function]}
  />
</div>
`;
