// Jest Snapshot v1, https://goo.gl/fbAQLP

exports[`HeaderContainer should render 1`] = `
<Fragment>
  <SubmitRecipeContainer
    handleModalClose={[Function]}
    recipes={Array []}
    show={false}
    updateRecipes={[MockFunction]}
  />
  <AcceptedWebsites
    acceptedWebsites={Array []}
    handleAcceptedModal={[Function]}
    show={false}
  />
  <Header
    handleAcceptedModal={[Function]}
    handleModalOpen={[Function]}
    isAuth={true}
    logout={[Function]}
  />
</Fragment>
`;
