// Jest Snapshot v1, https://goo.gl/fbAQLP

exports[`Overview should render and match snapshot 1`] = `
<Grid
  bsClass="container"
  className="overview"
  componentClass="div"
  fluid={false}
>
  <Row
    bsClass="row"
    componentClass="div"
  >
    <Col
      bsClass="col"
      componentClass="div"
      md={4}
      mdOffset={4}
      xs={12}
    >
      <form>
        <FormGroup
          bsClass="form-group"
          controlId="formAccountInfo"
        >
          <ControlLabel
            bsClass="control-label"
            srOnly={false}
          >
            Username
          </ControlLabel>
          <FormControl
            bsClass="form-control"
            componentClass="input"
            disabled={true}
            type="text"
            value="testName"
          />
          <ControlLabel
            bsClass="control-label"
            srOnly={false}
          >
            Email
          </ControlLabel>
          <FormControl
            bsClass="form-control"
            componentClass="input"
            disabled={true}
            type="text"
            value="test"
          />
        </FormGroup>
      </form>
    </Col>
  </Row>
</Grid>
`;
