// Jest Snapshot v1, https://goo.gl/fbAQLP

exports[`Dashboard snapshot test should match snapshot 1`] = `
<Grid
  bsClass="container"
  className="dashboard"
  componentClass="div"
  fluid={false}
>
  <RecipeModal
    deleteRecipe={[MockFunction]}
    handleModalClose={[MockFunction]}
    selectedRecipe={
      Object {
        "ingredients": Array [
          "1",
        ],
        "instructions": Array [
          "2",
        ],
        "title": "title",
        "totalTime": "1 hour",
        "url": Object {
          "href": "www.randomurl.com",
        },
      }
    }
    showModal={false}
  />
  <Row
    bsClass="row"
    className="recipe-container"
    componentClass="div"
  >
    <Col
      bsClass="col"
      className="margin-bottom"
      componentClass="div"
      key="1"
      md={3}
      sm={6}
      xs={12}
    >
      <div
        className="recipe"
      >
        <Row
          bsClass="row"
          componentClass="div"
        >
          <Col
            bsClass="col"
            className="card"
            componentClass="div"
            xs={12}
          >
            <Row
              bsClass="row"
              componentClass="div"
            >
              <Col
                bsClass="col"
                className="header align-center"
                componentClass="div"
                xs={12}
              >
                <div>
                  Recipe 1
                </div>
              </Col>
            </Row>
            <Row
              bsClass="row"
              componentClass="div"
            >
              <Col
                bsClass="col"
                componentClass="div"
                xs={12}
              >
                <div
                  className="image-container"
                >
                  <img
                    alt="Recipe 1"
                    className="recipe-image"
                    src="randomimg"
                  />
                </div>
              </Col>
            </Row>
            <Row
              bsClass="row"
              componentClass="div"
            >
              <Col
                bsClass="col"
                className="footer"
                componentClass="div"
                xs={12}
              >
                <Button
                  active={false}
                  block={false}
                  bsClass="btn"
                  bsSize="xsmall"
                  bsStyle="primary"
                  className="float-left"
                  disabled={false}
                  onClick={[Function]}
                >
                  View
                </Button>
                1 hour 10 minutes
                <Button
                  active={false}
                  block={false}
                  bsClass="btn"
                  bsSize="xsmall"
                  bsStyle="danger"
                  className="float-right"
                  disabled={false}
                  onClick={[Function]}
                >
                  Delete
                </Button>
              </Col>
            </Row>
          </Col>
        </Row>
      </div>
    </Col>
    <Col
      bsClass="col"
      className="margin-bottom"
      componentClass="div"
      key="2"
      md={3}
      sm={6}
      xs={12}
    >
      <div
        className="recipe"
      >
        <Row
          bsClass="row"
          componentClass="div"
        >
          <Col
            bsClass="col"
            className="card"
            componentClass="div"
            xs={12}
          >
            <Row
              bsClass="row"
              componentClass="div"
            >
              <Col
                bsClass="col"
                className="header align-center"
                componentClass="div"
                xs={12}
              >
                <div>
                  Recipe 2
                </div>
              </Col>
            </Row>
            <Row
              bsClass="row"
              componentClass="div"
            >
              <Col
                bsClass="col"
                componentClass="div"
                xs={12}
              >
                <div
                  className="image-container"
                >
                  <img
                    alt="Recipe 2"
                    className="recipe-image"
                    src="randomimg2"
                  />
                </div>
              </Col>
            </Row>
            <Row
              bsClass="row"
              componentClass="div"
            >
              <Col
                bsClass="col"
                className="footer"
                componentClass="div"
                xs={12}
              >
                <Button
                  active={false}
                  block={false}
                  bsClass="btn"
                  bsSize="xsmall"
                  bsStyle="primary"
                  className="float-left"
                  disabled={false}
                  onClick={[Function]}
                >
                  View
                </Button>
                n/a
                <Button
                  active={false}
                  block={false}
                  bsClass="btn"
                  bsSize="xsmall"
                  bsStyle="danger"
                  className="float-right"
                  disabled={false}
                  onClick={[Function]}
                >
                  Delete
                </Button>
              </Col>
            </Row>
          </Col>
        </Row>
      </div>
    </Col>
  </Row>
</Grid>
`;
